// Jest Snapshot v1, https://goo.gl/fbAQLP

exports[`it should match the snapshot 1`] = `
<DocumentFragment>
  <div>
    <p>
      Page 1/0
    </p>
    <button
      class="icon-back btn btn-primary"
      disabled=""
    >
      Previous Page
    </button>
    <button
      class="icon-forward btn btn-primary"
    >
      Next Page
    </button>
    <h4>
      Pick a Charity Below and Donate. It's that simple.
    </h4>
    <h4>
      Use the navbar links to search for a specific cause or for a charity in a specific location.
    </h4>
    <div
      class="container"
    />
  </div>
</DocumentFragment>
`;
